Microchip MPLAB XC8 Compiler V2.41

Linker command line:

-W-3 \
  --edf=C:/Program Files/Microchip/MPLABX/v6.10/packs/Microchip/PIC16Fxxx_DFP/1.4.149/xc8\pic\dat\20230322214319_en.msgs \
  -cn -h+dist/default/production\Lab4_Master.X.production.sym \
  --cmf=dist/default/production\Lab4_Master.X.production.cmf -z -Q16F887 \
  -oC:\Users\judah\AppData\Local\Temp\xcAshco.\driver_tmp_3.o \
  --defsym=__MPLAB_BUILD=1 --fixupoverflow=error \
  -Mdist/default/production/Lab4_Master.X.production.map \
  --md=C:\Users\judah\AppData\Local\Temp\xcAshco.\driver_tmp_0.dat -E1 \
  -ver=XC8 Compiler --acfsm=1493 -ACODE=00h-07FFhx4 -ASTRCODE=00h-01FFFh \
  -ASTRING=00h-0FFhx32 -ACONST=00h-0FFhx32 -AENTRY=00h-0FFhx32 \
  -ACOMMON=070h-07Fh -ABANK0=020h-06Fh -ABANK1=0A0h-0EFh \
  -ABANK2=0110h-016Fh -ABANK3=0190h-01EFh \
  -ARAM=020h-06Fh,0A0h-0EFh,0110h-016Fh,0190h-01EFh \
  -AABS1=020h-07Fh,0A0h-0EFh,0110h-016Fh,0190h-01EFh -ASFR0=00h-01Fh \
  -ASFR1=080h-09Fh -ASFR2=0100h-010Fh -ASFR3=0180h-018Fh \
  -ACONFIG=02007h-02008h -DCONFIG=2 -AIDLOC=02000h-02003h -DIDLOC=2 \
  -AEEDATA=00h-0FFh/02100h -peeprom_data=EEDATA -DEEDATA=2 -DCODE=2 \
  -DSTRCODE=2 -DSTRING=2 -DCONST=2 -DENTRY=2 \
  -preset_vec=00h,intentry=04h,init,end_init -ppowerup=CODE -pcinit=CODE \
  -pfunctab=ENTRY -k \
  C:\Users\judah\AppData\Local\Temp\xcAshco.\driver_tmp_12.o \
  dist/default/production\Lab4_Master.X.production.o 

Object code version is 3.11

Machine type is 16F887



                Name                               Link     Load   Length Selector   Space Scale
C:\Users\judah\AppData\Local\Temp\xcAshco.\driver_tmp_12.o
                end_init                              C        C        3        8       0
                reset_vec                             0        0        3        0       0
                config                             2007     2007        2        0       4
dist/default/production\Lab4_Master.X.production.o
                cinit                                 F        F        9        8       0
                intentry                              4        4        8        8       0
                config                             2007     2007        2        0       4
                text19                              40C      40C        7      7CE       0
                text18                              373      373       22        8       0
                text17                              3B5      3B5       1A        8       0
                text16                              209      209       4C        8       0
                text15                              28D      28D       35        8       0
                text14                              34E      34E       25        8       0
                text13                               D1       D1       73        8       0
                text12                              3CF      3CF        D        8       0
                text11                              320      320       2E        8       0
                text10                              403      403        9      7CE       0
                text9                               3FA      3FA        9      7CE       0
                text8                               3E7      3E7        A      7CE       0
                text7                               395      395       20        8       0
                text6                               3F1      3F1        9      7CE       0
                text5                                18       18       B9        8       0
                text4                               144      144       68        8       0
                text3                               255      255       38        8       0
                text2                               1AC      1AC       5D        8       0
                text1                               2C2      2C2       30        8       0
                maintext                            2F2      2F2       2E        8       0
                cstackBANK0                          20       20       10       20       1
                cstackCOMMON                         70       70        A       70       1
                bssBANK0                             30       30        1       20       1
                bssCOMMON                            7A       7A        2       70       1
                strings                             3DC      3DC        B      7B8       0

TOTAL           Name                               Link     Load   Length     Space
        CLASS   CODE           
                end_init                              C        C        3         0
                cinit                                 F        F        9         0
                intentry                              4        4        8         0
                reset_vec                             0        0        3         0
                text19                              40C      40C        7         0
                text18                              373      373       22         0
                text17                              3B5      3B5       1A         0
                text16                              209      209       4C         0
                text15                              28D      28D       35         0
                text14                              34E      34E       25         0
                text13                               D1       D1       73         0
                text12                              3CF      3CF        D         0
                text11                              320      320       2E         0
                text10                              403      403        9         0
                text9                               3FA      3FA        9         0
                text8                               3E7      3E7        A         0
                text7                               395      395       20         0
                text6                               3F1      3F1        9         0
                text5                                18       18       B9         0
                text4                               144      144       68         0
                text3                               255      255       38         0
                text2                               1AC      1AC       5D         0
                text1                               2C2      2C2       30         0
                maintext                            2F2      2F2       2E         0

        CLASS   STRCODE        

        CLASS   STRING         
                strings                             3DC      3DC        B         0

        CLASS   CONST          

        CLASS   ENTRY          

        CLASS   COMMON         
                cstackCOMMON                         70       70        A         1
                bssCOMMON                            7A       7A        2         1

        CLASS   BANK0          
                cstackBANK0                          20       20       10         1
                bssBANK0                             30       30        1         1

        CLASS   BANK1          

        CLASS   BANK2          

        CLASS   BANK3          

        CLASS   RAM            

        CLASS   ABS1           
                abs_s1                               7E       7E        2         1

        CLASS   SFR0           

        CLASS   SFR1           

        CLASS   SFR2           

        CLASS   SFR3           

        CLASS   CONFIG         
                config                             2007     2007        2         4

        CLASS   IDLOC          

        CLASS   EEDATA         

        CLASS   STACK          



SEGMENTS        Name                           Load    Length   Top    Selector   Space  Class     Delta

                reset_vec                      000000  000003  000003         0       0  CODE        2
                intentry                       000004  0003D8  0003DC         8       0  CODE        2
                cstackBANK0                    000020  000011  000031        20       1  BANK0       1
                cstackCOMMON                   000070  00000C  00007C        70       1  COMMON      1
                strings                        0003DC  00000B  0003E7       7B8       0  STRING      2
                text8                          0003E7  00002C  000413       7CE       0  CODE        2


UNUSED ADDRESS RANGES

        Name                Unused          Largest block    Delta
        BANK0            0031-006F             3F           1
        BANK1            00A0-00EF             50           1
        BANK2            0110-016F             60           1
        BANK3            0190-01EF             60           1
        CODE             0003-0003              1           2
                         0413-1FFF            800
        COMMON           007C-007D              2           1
        CONST            0003-0003              1           2
                         0413-1FFF            100
        EEDATA           2100-21FF            100           2
        ENTRY            0003-0003              1           2
                         0413-1FFF            100
        IDLOC            2000-2003              4           2
        RAM              0031-006F             3F           1
                         00A0-00EF             50
                         0110-016F             60
                         0190-01EF             60
        SFR0             0000-001F             20           1
        SFR1             0080-009F             20           1
        SFR2             0100-010F             10           1
        SFR3             0180-018F             10           1
        STRCODE          0003-0003              1           2
                         0413-1FFF           1BED
        STRING           0003-0003              1           2
                         0413-1FFF            100

                                  Symbol Table

?_I2C_Master_Read                 cstackCOMMON 0072
?___lldiv                         cstackCOMMON 0072
I2C_Master_Init@c                 cstackBANK0  0026
I2C_Master_Read@a                 cstackCOMMON 0072
I2C_Master_Read@temp              cstackCOMMON 0076
I2C_Master_Write@d                cstackCOMMON 0072
Lcd_Cmd@a                         cstackCOMMON 0075
Lcd_Port@a                        cstackCOMMON 0072
Lcd_Set_Cursor@a                  cstackBANK0  0020
Lcd_Set_Cursor@b                  cstackCOMMON 0076
Lcd_Set_Cursor@temp               cstackBANK0  0023
Lcd_Set_Cursor@y                  cstackBANK0  0022
Lcd_Set_Cursor@z                  cstackBANK0  0021
Lcd_Write_Char@a                  cstackCOMMON 0076
Lcd_Write_Char@temp               cstackCOMMON 0074
Lcd_Write_Char@y                  cstackCOMMON 0075
Lcd_Write_String@a                cstackCOMMON 0077
Lcd_Write_String@i                cstackCOMMON 0078
_ANSEL                            (abs)        0188
_ANSELH                           (abs)        0189
_GIE                              (abs)        005F
_I2C_Master_Init                  text3        0255
_I2C_Master_Read                  text11       0320
_I2C_Master_RepeatedStart         text6        03F1
_I2C_Master_Start                 text10       0403
_I2C_Master_Stop                  text9        03FA
_I2C_Master_Wait                  text12       03CF
_I2C_Master_Write                 text8        03E7
_Lcd_Cmd                          text17       03B5
_Lcd_Init                         text2        01AC
_Lcd_Port                         text18       0373
_Lcd_Set_Cursor                   text16       0209
_Lcd_Write_Char                   text15       028D
_Lcd_Write_String                 text14       034E
_OSCCONbits                       (abs)        008F
_PEIE                             (abs)        005E
_PORTA                            (abs)        0005
_PORTB                            (abs)        0006
_PORTD                            (abs)        0008
_PORTDbits                        (abs)        0008
_RD3                              (abs)        0043
_RD4                              (abs)        0044
_RD5                              (abs)        0045
_RD6                              (abs)        0046
_RD7                              (abs)        0047
_SCS                              (abs)        0478
_SSPADD                           (abs)        0093
_SSPBUF                           (abs)        0013
_SSPCON                           (abs)        0014
_SSPCON2                          (abs)        0091
_SSPCON2bits                      (abs)        0091
_SSPIE                            (abs)        0463
_SSPIF                            (abs)        0063
_SSPSTAT                          (abs)        0094
_TRISA                            (abs)        0085
_TRISB                            (abs)        0086
_TRISC3                           (abs)        043B
_TRISC4                           (abs)        043C
_TRISCbits                        (abs)        0087
_TRISD                            (abs)        0088
__H__absolute__                   __absolute__ 0000
__Habs1                           abs1         0000
__Hbank0                          bank0        0000
__Hbank1                          bank1        0000
__Hbank2                          bank2        0000
__Hbank3                          bank3        0000
__HbssBANK0                       bssBANK0     0000
__HbssCOMMON                      bssCOMMON    0000
__Hcinit                          cinit        0018
__Hclrtext                        clrtext      0000
__Hcode                           code         0000
__Hcommon                         common       0000
__Hconfig                         config       2009
__HcstackBANK0                    cstackBANK0  0000
__HcstackCOMMON                   cstackCOMMON 0000
__Heeprom_data                    eeprom_data  0000
__Hend_init                       end_init     000F
__Hfunctab                        functab      0000
__Hinit                           init         000C
__Hintentry                       intentry     000C
__Hmaintext                       maintext     0000
__Hpowerup                        powerup      0000
__Hram                            ram          0000
__Hreset_vec                      reset_vec    0003
__Hsfr0                           sfr0         0000
__Hsfr1                           sfr1         0000
__Hsfr2                           sfr2         0000
__Hsfr3                           sfr3         0000
__Hspace_0                        (abs)        0413
__Hspace_1                        (abs)        007C
__Hspace_2                        (abs)        0000
__Hspace_3                        (abs)        0000
__Hspace_4                        (abs)        4010
__Hstack                          stack        0000
__Hstrings                        strings      0000
__Htext                           text         0000
__L__absolute__                   __absolute__ 0000
__Labs1                           abs1         0000
__Lbank0                          bank0        0000
__Lbank1                          bank1        0000
__Lbank2                          bank2        0000
__Lbank3                          bank3        0000
__LbssBANK0                       bssBANK0     0000
__LbssCOMMON                      bssCOMMON    0000
__Lcinit                          cinit        000F
__Lclrtext                        clrtext      0000
__Lcode                           code         0000
__Lcommon                         common       0000
__Lconfig                         config       0000
__LcstackBANK0                    cstackBANK0  0000
__LcstackCOMMON                   cstackCOMMON 0000
__Leeprom_data                    eeprom_data  0000
__Lend_init                       end_init     000C
__Lfunctab                        functab      0000
__Linit                           init         000C
__Lintentry                       intentry     0004
__Lmaintext                       maintext     0000
__Lpowerup                        powerup      0000
__Lram                            ram          0000
__Lreset_vec                      reset_vec    0000
__Lsfr0                           sfr0         0000
__Lsfr1                           sfr1         0000
__Lsfr2                           sfr2         0000
__Lsfr3                           sfr3         0000
__Lspace_0                        (abs)        0000
__Lspace_1                        (abs)        0000
__Lspace_2                        (abs)        0000
__Lspace_3                        (abs)        0000
__Lspace_4                        (abs)        0000
__Lstack                          stack        0000
__Lstrings                        strings      0000
__Ltext                           text         0000
__S0                              (abs)        0413
__S1                              (abs)        007C
__S3                              (abs)        0000
___int_sp                         stack        0000
___latbits                        (abs)        0002
___lldiv                          text4        0144
___lldiv@counter                  cstackBANK0  0025
___lldiv@dividend                 cstackCOMMON 0076
___lldiv@divisor                  cstackCOMMON 0072
___lldiv@quotient                 cstackBANK0  0021
___sp                             stack        0000
___stackhi                        (abs)        0000
___stacklo                        (abs)        0000
__end_of_I2C_Master_Init          text3        028D
__end_of_I2C_Master_Read          text11       034E
__end_of_I2C_Master_RepeatedStart text6        03FA
__end_of_I2C_Master_Start         text10       040C
__end_of_I2C_Master_Stop          text9        0403
__end_of_I2C_Master_Wait          text12       03DC
__end_of_I2C_Master_Write         text8        03F1
__end_of_Lcd_Cmd                  text17       03CF
__end_of_Lcd_Init                 text2        0209
__end_of_Lcd_Port                 text18       0395
__end_of_Lcd_Set_Cursor           text16       0255
__end_of_Lcd_Write_Char           text15       02C2
__end_of_Lcd_Write_String         text14       0373
__end_of___lldiv                  text4        01AC
__end_of__initialization          cinit        0014
__end_of__stringtab               strings      03E2
__end_of_isr                      text19       0413
__end_of_main                     maintext     0320
__end_of_printLCD                 text13       0144
__end_of_readPICslave             text7        03B5
__end_of_readRTCslave             text5        00D1
__end_of_setup                    text1        02F2
__initialization                  cinit        000F
__pbssBANK0                       bssBANK0     0030
__pbssCOMMON                      bssCOMMON    007A
__pcstackBANK0                    cstackBANK0  0020
__pcstackCOMMON                   cstackCOMMON 0070
__pintentry                       intentry     0004
__pmaintext                       maintext     02F2
__pstrings                        strings      03DC
__ptext1                          text1        02C2
__ptext10                         text10       0403
__ptext11                         text11       0320
__ptext12                         text12       03CF
__ptext13                         text13       00D1
__ptext14                         text14       034E
__ptext15                         text15       028D
__ptext16                         text16       0209
__ptext17                         text17       03B5
__ptext18                         text18       0373
__ptext19                         text19       040C
__ptext2                          text2        01AC
__ptext3                          text3        0255
__ptext4                          text4        0144
__ptext5                          text5        0018
__ptext6                          text6        03F1
__ptext7                          text7        0395
__ptext8                          text8        03E7
__ptext9                          text9        03FA
__stringbase                      strings      03E1
__stringtab                       strings      03DC
_horas                            bssBANK0     0030
_isr                              text19       040C
_main                             maintext     02F2
_minutos                          bssCOMMON    007A
_printLCD                         text13       00D1
_readPICslave                     text7        0395
_readRTCslave                     text5        0018
_segundos                         bssCOMMON    007B
_setup                            text1        02C2
btemp                             (abs)        007E
end_of_initialization             cinit        0014
interrupt_function                intentry     0004
intlevel0                         functab      0000
intlevel1                         functab      0000
intlevel2                         functab      0000
intlevel3                         functab      0000
intlevel4                         functab      0000
intlevel5                         functab      0000
reset_vec                         reset_vec    0000
saved_w                           (abs)        007E
start                             init         000C
start_initialization              cinit        000F
wtemp0                            (abs)        007E


MODULE INFORMATION

Module		Function		Class		Link	Load	Size
C:\Program Files\Microchip\xc8\v2.41\pic\sources\c90\common\__lldiv.c
		___lldiv       		CODE           	0144	0000	104

C:\Program Files\Microchip\xc8\v2.41\pic\sources\c90\common\__lldiv.c estimated size: 104

I2C.c
		_I2C_Master_Read		CODE           	0320	0000	46
		_I2C_Master_Wait		CODE           	03CF	0000	13
		_I2C_Master_Init		CODE           	0255	0000	56
		_I2C_Master_Stop		CODE           	03FA	0000	9
		_I2C_Master_RepeatedStart		CODE           	03F1	0000	9
		_I2C_Master_Write		CODE           	03E7	0000	10
		_I2C_Master_Start		CODE           	0403	0000	9

I2C.c estimated size: 152

Lab4_Master.c
		_readPICslave  		CODE           	0395	0000	32
		_main          		CODE           	02F2	0000	46
		_readRTCslave  		CODE           	0018	0000	185
		_isr           		CODE           	040C	0000	7
		_setup         		CODE           	02C2	0000	48
		_printLCD      		CODE           	00D1	0000	115

Lab4_Master.c estimated size: 433

shared
		__stringtab    		STRING         	03DC	0000	6
		__initialization		CODE           	000F	0000	5

shared estimated size: 11

../../../LibreriasPIC/LCD4b.c
		_Lcd_Write_String		CODE           	034E	0000	37
		_Lcd_Init      		CODE           	01AC	0000	93
		_Lcd_Write_Char		CODE           	028D	0000	53
		_Lcd_Cmd       		CODE           	03B5	0000	26
		_Lcd_Set_Cursor		CODE           	0209	0000	76
		_Lcd_Port      		CODE           	0373	0000	34

../../../LibreriasPIC/LCD4b.c estimated size: 319

