Microchip MPLAB XC8 Compiler V2.41

Linker command line:

-W-3 \
  --edf=C:/Program Files/Microchip/MPLABX/v6.10/packs/Microchip/PIC16Fxxx_DFP/1.4.149/xc8\pic\dat\20230322214319_en.msgs \
  -cn -h+dist/default/production\Lab4_Master.X.production.sym \
  --cmf=dist/default/production\Lab4_Master.X.production.cmf -z -Q16F887 \
  -oC:\Users\judah\AppData\Local\Temp\xcAs2hs.\driver_tmp_3.o \
  --defsym=__MPLAB_BUILD=1 --fixupoverflow=error \
  -Mdist/default/production/Lab4_Master.X.production.map \
  --md=C:\Users\judah\AppData\Local\Temp\xcAs2hs.\driver_tmp_0.dat -E1 \
  -ver=XC8 Compiler --acfsm=1493 -ACODE=00h-07FFhx4 -ASTRCODE=00h-01FFFh \
  -ASTRING=00h-0FFhx32 -ACONST=00h-0FFhx32 -AENTRY=00h-0FFhx32 \
  -ACOMMON=070h-07Fh -ABANK0=020h-06Fh -ABANK1=0A0h-0EFh \
  -ABANK2=0110h-016Fh -ABANK3=0190h-01EFh \
  -ARAM=020h-06Fh,0A0h-0EFh,0110h-016Fh,0190h-01EFh \
  -AABS1=020h-07Fh,0A0h-0EFh,0110h-016Fh,0190h-01EFh -ASFR0=00h-01Fh \
  -ASFR1=080h-09Fh -ASFR2=0100h-010Fh -ASFR3=0180h-018Fh \
  -ACONFIG=02007h-02008h -DCONFIG=2 -AIDLOC=02000h-02003h -DIDLOC=2 \
  -AEEDATA=00h-0FFh/02100h -peeprom_data=EEDATA -DEEDATA=2 -DCODE=2 \
  -DSTRCODE=2 -DSTRING=2 -DCONST=2 -DENTRY=2 \
  -preset_vec=00h,intentry=04h,init,end_init -ppowerup=CODE -pcinit=CODE \
  -pfunctab=ENTRY -k \
  C:\Users\judah\AppData\Local\Temp\xcAs2hs.\driver_tmp_12.o \
  dist/default/production\Lab4_Master.X.production.o 

Object code version is 3.11

Machine type is 16F887



                Name                               Link     Load   Length Selector   Space Scale
C:\Users\judah\AppData\Local\Temp\xcAs2hs.\driver_tmp_12.o
                end_init                             10       10        3        8       0
                reset_vec                             0        0        3        0       0
                config                             2007     2007        2        0       4
dist/default/production\Lab4_Master.X.production.o
                cinit                                13       13       15        8       0
                intentry                              4        4        C        8       0
                config                             2007     2007        2        0       4
                text24                              4C2      4C2       95        8       0
                text23                              EBA      EBA       20     1D74       0
                text22                              E81      E81       1C     1D02       0
                text21                              742      742       4C        8       0
                text20                              F0C      F0C       39     1E18       0
                text19                              FBA      FBA       46     1F74       0
                text18                              557      557       69        8       0
                text17                              6E7      6E7       5B        8       0
                text16                              68A      68A       5D        8       0
                text15                              3C3      3C3       FF        8       0
                text14                              E74      E74        D     1CE8       0
                text13                              EDA      EDA       32     1DB4       0
                text12                              E4F      E4F        9     1C9E       0
                text11                              E58      E58        9     1CB0       0
                text10                              E6A      E6A        A     1CD4       0
                text9                               7D5      7D5       24        8       0
                text8                               E61      E61        9     1CC2       0
                text7                               213      213      1B0        8       0
                text6                                28       28      1EB        8       0
                text5                               5C0      5C0       68        8       0
                text4                               F45      F45       3A     1E8A       0
                text3                               628      628       62        8       0
                text2                               E9D      E9D       1D     1D3A       0
                text1                               F7F      F7F       3B     1EFE       0
                maintext                            78E      78E       47        8       0
                cstackBANK0                          20       20       1A       20       1
                cstackCOMMON                         70       70        6       70       1
                bssBANK0                             3A       3A        C       20       1
                bssCOMMON                            76       76        3       70       1
                strings                             800      800       13     1000       0

TOTAL           Name                               Link     Load   Length     Space
        CLASS   CODE           
                end_init                             10       10        3         0
                cinit                                13       13       15         0
                intentry                              4        4        C         0
                reset_vec                             0        0        3         0
                text24                              4C2      4C2       95         0
                text23                              EBA      EBA       20         0
                text22                              E81      E81       1C         0
                text21                              742      742       4C         0
                text20                              F0C      F0C       39         0
                text19                              FBA      FBA       46         0
                text18                              557      557       69         0
                text17                              6E7      6E7       5B         0
                text16                              68A      68A       5D         0
                text15                              3C3      3C3       FF         0
                text14                              E74      E74        D         0
                text13                              EDA      EDA       32         0
                text12                              E4F      E4F        9         0
                text11                              E58      E58        9         0
                text10                              E6A      E6A        A         0
                text9                               7D5      7D5       24         0
                text8                               E61      E61        9         0
                text7                               213      213      1B0         0
                text6                                28       28      1EB         0
                text5                               5C0      5C0       68         0
                text4                               F45      F45       3A         0
                text3                               628      628       62         0
                text2                               E9D      E9D       1D         0
                text1                               F7F      F7F       3B         0
                maintext                            78E      78E       47         0

        CLASS   STRCODE        

        CLASS   STRING         
                strings                             800      800       13         0

        CLASS   CONST          

        CLASS   ENTRY          

        CLASS   COMMON         
                cstackCOMMON                         70       70        6         1
                bssCOMMON                            76       76        3         1

        CLASS   BANK0          
                cstackBANK0                          20       20       1A         1
                bssBANK0                             3A       3A        C         1

        CLASS   BANK1          

        CLASS   BANK2          

        CLASS   BANK3          

        CLASS   RAM            

        CLASS   ABS1           
                abs_s1                               7E       7E        2         1

        CLASS   SFR0           

        CLASS   SFR1           

        CLASS   SFR2           

        CLASS   SFR3           

        CLASS   CONFIG         
                config                             2007     2007        2         4

        CLASS   IDLOC          

        CLASS   EEDATA         

        CLASS   STACK          



SEGMENTS        Name                           Load    Length   Top    Selector   Space  Class     Delta

                reset_vec                      000000  000003  000003         0       0  CODE        2
                intentry                       000004  0007F5  0007F9         8       0  CODE        2
                cstackBANK0                    000020  000026  000046        20       1  BANK0       1
                cstackCOMMON                   000070  000009  000079        70       1  COMMON      1
                strings                        000800  000013  000813      1000       0  STRING      2
                text12                         000E4F  000009  000E58      1C9E       0  CODE        2
                text11                         000E58  000009  000E61      1CB0       0  CODE        2
                text8                          000E61  000009  000E6A      1CC2       0  CODE        2
                text10                         000E6A  00000A  000E74      1CD4       0  CODE        2
                text14                         000E74  00000D  000E81      1CE8       0  CODE        2
                text22                         000E81  00001C  000E9D      1D02       0  CODE        2
                text2                          000E9D  00001D  000EBA      1D3A       0  CODE        2
                text23                         000EBA  000020  000EDA      1D74       0  CODE        2
                text13                         000EDA  000032  000F0C      1DB4       0  CODE        2
                text20                         000F0C  000039  000F45      1E18       0  CODE        2
                text4                          000F45  00003A  000F7F      1E8A       0  CODE        2
                text1                          000F7F  00003B  000FBA      1EFE       0  CODE        2
                text19                         000FBA  000046  001000      1F74       0  CODE        2


UNUSED ADDRESS RANGES

        Name                Unused          Largest block    Delta
        BANK0            0046-006F             2A           1
        BANK1            00A0-00EF             50           1
        BANK2            0110-016F             60           1
        BANK3            0190-01EF             60           1
        CODE             0003-0003              1           2
                         07F9-07FF              7
                         0813-0E4E            63C
                         1000-1FFF            800
        COMMON           0079-007D              5           1
        CONST            0003-0003              1           2
                         07F9-07FF              7
                         0813-0E4E            100
                         1000-1FFF            100
        EEDATA           2100-21FF            100           2
        ENTRY            0003-0003              1           2
                         07F9-07FF              7
                         0813-0E4E            100
                         1000-1FFF            100
        IDLOC            2000-2003              4           2
        RAM              0046-006F             2A           1
                         00A0-00EF             50
                         0110-016F             60
                         0190-01EF             60
        SFR0             0000-001F             20           1
        SFR1             0080-009F             20           1
        SFR2             0100-010F             10           1
        SFR3             0180-018F             10           1
        STRCODE          0003-0003              1           2
                         07F9-07FF              7
                         0813-0E4E            63C
                         1000-1FFF           1000
        STRING           0003-0003              1           2
                         07F9-07FF              7
                         0813-0E4E            100
                         1000-1FFF            100

                                  Symbol Table

?_I2C_Master_Read                 cstackBANK0  0020
?___awdiv                         cstackBANK0  0020
?___awmod                         cstackBANK0  0020
?___lldiv                         cstackBANK0  0020
I2C_Master_Init@c                 cstackBANK0  002E
I2C_Master_Read@a                 cstackBANK0  0020
I2C_Master_Read@temp              cstackBANK0  0024
I2C_Master_Write@d                cstackBANK0  0020
Lcd_Cmd@a                         cstackBANK0  0023
Lcd_Port@a                        cstackBANK0  0020
Lcd_Set_Cursor@a                  cstackBANK0  0026
Lcd_Set_Cursor@b                  cstackBANK0  0024
Lcd_Set_Cursor@temp               cstackBANK0  0029
Lcd_Set_Cursor@y                  cstackBANK0  0028
Lcd_Set_Cursor@z                  cstackBANK0  0027
Lcd_Write_Char@a                  cstackBANK0  0024
Lcd_Write_Char@temp               cstackBANK0  0022
Lcd_Write_Char@y                  cstackBANK0  0023
Lcd_Write_String@a                cstackBANK0  0025
Lcd_Write_String@i                cstackBANK0  002A
_ANSEL                            (abs)        0188
_ANSELH                           (abs)        0189
_GIE                              (abs)        005F
_I2C_Master_Init                  text4        0F45
_I2C_Master_Read                  text13       0EDA
_I2C_Master_RepeatedStart         text8        0E61
_I2C_Master_Start                 text12       0E4F
_I2C_Master_Stop                  text11       0E58
_I2C_Master_Wait                  text14       0E74
_I2C_Master_Write                 text10       0E6A
_IOCB                             (abs)        0096
_Lcd_Cmd                          text22       0E81
_Lcd_Init                         text3        0628
_Lcd_Port                         text23       0EBA
_Lcd_Set_Cursor                   text21       0742
_Lcd_Write_Char                   text20       0F0C
_Lcd_Write_String                 text19       0FBA
_OSCCONbits                       (abs)        008F
_PEIE                             (abs)        005E
_PORTB                            (abs)        0006
_PORTD                            (abs)        0008
_PORTDbits                        (abs)        0008
_RBIE                             (abs)        005B
_RBIF                             (abs)        0058
_RD3                              (abs)        0043
_RD4                              (abs)        0044
_RD5                              (abs)        0045
_RD6                              (abs)        0046
_RD7                              (abs)        0047
_SCS                              (abs)        0478
_SSPADD                           (abs)        0093
_SSPBUF                           (abs)        0013
_SSPCON                           (abs)        0014
_SSPCON2                          (abs)        0091
_SSPCON2bits                      (abs)        0091
_SSPIE                            (abs)        0463
_SSPIF                            (abs)        0063
_SSPSTAT                          (abs)        0094
_TRISB                            (abs)        0086
_TRISC3                           (abs)        043B
_TRISC4                           (abs)        043C
_TRISCbits                        (abs)        0087
_TRISD                            (abs)        0088
_WPUB                             (abs)        0095
__H__absolute__                   __absolute__ 0000
__Habs1                           abs1         0000
__Hbank0                          bank0        0000
__Hbank1                          bank1        0000
__Hbank2                          bank2        0000
__Hbank3                          bank3        0000
__HbssBANK0                       bssBANK0     0000
__HbssCOMMON                      bssCOMMON    0000
__Hcinit                          cinit        0028
__Hclrtext                        clrtext      0000
__Hcode                           code         0000
__Hcommon                         common       0000
__Hconfig                         config       2009
__HcstackBANK0                    cstackBANK0  0000
__HcstackCOMMON                   cstackCOMMON 0000
__Heeprom_data                    eeprom_data  0000
__Hend_init                       end_init     0013
__Hfunctab                        functab      0000
__Hinit                           init         0010
__Hintentry                       intentry     0010
__Hmaintext                       maintext     0000
__Hpowerup                        powerup      0000
__Hram                            ram          0000
__Hreset_vec                      reset_vec    0003
__Hsfr0                           sfr0         0000
__Hsfr1                           sfr1         0000
__Hsfr2                           sfr2         0000
__Hsfr3                           sfr3         0000
__Hspace_0                        (abs)        1000
__Hspace_1                        (abs)        0079
__Hspace_2                        (abs)        0000
__Hspace_3                        (abs)        0000
__Hspace_4                        (abs)        4010
__Hstack                          stack        0000
__Hstrings                        strings      0000
__Htext                           text         0000
__L__absolute__                   __absolute__ 0000
__Labs1                           abs1         0000
__Lbank0                          bank0        0000
__Lbank1                          bank1        0000
__Lbank2                          bank2        0000
__Lbank3                          bank3        0000
__LbssBANK0                       bssBANK0     0000
__LbssCOMMON                      bssCOMMON    0000
__Lcinit                          cinit        0013
__Lclrtext                        clrtext      0000
__Lcode                           code         0000
__Lcommon                         common       0000
__Lconfig                         config       0000
__LcstackBANK0                    cstackBANK0  0000
__LcstackCOMMON                   cstackCOMMON 0000
__Leeprom_data                    eeprom_data  0000
__Lend_init                       end_init     0010
__Lfunctab                        functab      0000
__Linit                           init         0010
__Lintentry                       intentry     0004
__Lmaintext                       maintext     0000
__Lpowerup                        powerup      0000
__Lram                            ram          0000
__Lreset_vec                      reset_vec    0000
__Lsfr0                           sfr0         0000
__Lsfr1                           sfr1         0000
__Lsfr2                           sfr2         0000
__Lsfr3                           sfr3         0000
__Lspace_0                        (abs)        0000
__Lspace_1                        (abs)        0000
__Lspace_2                        (abs)        0000
__Lspace_3                        (abs)        0000
__Lspace_4                        (abs)        0000
__Lstack                          stack        0000
__Lstrings                        strings      0000
__Ltext                           text         0000
__S0                              (abs)        1000
__S1                              (abs)        0079
__S3                              (abs)        0000
___awdiv                          text18       0557
___awdiv@counter                  cstackBANK0  0024
___awdiv@dividend                 cstackBANK0  0022
___awdiv@divisor                  cstackBANK0  0020
___awdiv@quotient                 cstackBANK0  0026
___awdiv@sign                     cstackBANK0  0025
___awmod                          text17       06E7
___awmod@counter                  cstackBANK0  0024
___awmod@dividend                 cstackBANK0  0022
___awmod@divisor                  cstackBANK0  0020
___awmod@sign                     cstackBANK0  0025
___int_sp                         stack        0000
___latbits                        (abs)        0002
___lldiv                          text5        05C0
___lldiv@counter                  cstackBANK0  002D
___lldiv@dividend                 cstackBANK0  0024
___lldiv@divisor                  cstackBANK0  0020
___lldiv@quotient                 cstackBANK0  0029
___sp                             stack        0000
___stackhi                        (abs)        0000
___stacklo                        (abs)        0000
__end_of_I2C_Master_Init          text4        0F7F
__end_of_I2C_Master_Read          text13       0F0C
__end_of_I2C_Master_RepeatedStart text8        0E6A
__end_of_I2C_Master_Start         text12       0E58
__end_of_I2C_Master_Stop          text11       0E61
__end_of_I2C_Master_Wait          text14       0E81
__end_of_I2C_Master_Write         text10       0E74
__end_of_Lcd_Cmd                  text22       0E9D
__end_of_Lcd_Init                 text3        068A
__end_of_Lcd_Port                 text23       0EDA
__end_of_Lcd_Set_Cursor           text21       078E
__end_of_Lcd_Write_Char           text20       0F45
__end_of_Lcd_Write_String         text19       1000
__end_of___awdiv                  text18       05C0
__end_of___awmod                  text17       0742
__end_of___lldiv                  text5        0628
__end_of__initialization          cinit        0024
__end_of__stringtab               strings      0810
__end_of_iocb_init                text2        0EBA
__end_of_isr                      text24       0557
__end_of_main                     maintext     07D5
__end_of_printLCD                 text15       04C2
__end_of_readPICslave             text9        07F9
__end_of_readRTCslave             text7        03C3
__end_of_separar_digitos8         text16       06E7
__end_of_setTime                  text6        0213
__end_of_setup                    text1        0FBA
__initialization                  cinit        0013
__pbssBANK0                       bssBANK0     003A
__pbssCOMMON                      bssCOMMON    0076
__pcstackBANK0                    cstackBANK0  0020
__pcstackCOMMON                   cstackCOMMON 0070
__pintentry                       intentry     0004
__pmaintext                       maintext     078E
__pstrings                        strings      0800
__ptext1                          text1        0F7F
__ptext10                         text10       0E6A
__ptext11                         text11       0E58
__ptext12                         text12       0E4F
__ptext13                         text13       0EDA
__ptext14                         text14       0E74
__ptext15                         text15       03C3
__ptext16                         text16       068A
__ptext17                         text17       06E7
__ptext18                         text18       0557
__ptext19                         text19       0FBA
__ptext2                          text2        0E9D
__ptext20                         text20       0F0C
__ptext21                         text21       0742
__ptext22                         text22       0E81
__ptext23                         text23       0EBA
__ptext24                         text24       04C2
__ptext3                          text3        0628
__ptext4                          text4        0F45
__ptext5                          text5        05C0
__ptext6                          text6        0028
__ptext7                          text7        0213
__ptext8                          text8        0E61
__ptext9                          text9        07D5
__stringbase                      strings      080F
__stringtab                       strings      0800
_anio                             bssBANK0     003C
_dia                              bssBANK0     003E
_horas                            bssBANK0     003F
_iocb_init                        text2        0E9D
_isr                              text24       04C2
_main                             maintext     078E
_mes                              bssBANK0     003D
_minutos                          bssBANK0     0040
_nRBPU                            (abs)        040F
_printLCD                         text15       03C3
_readPICslave                     text9        07D5
_readRTCslave                     text7        0213
_segundos                         bssBANK0     0041
_selector                         bssCOMMON    0078
_sendRTC                          bssCOMMON    0076
_separar_digitos8                 text16       068A
_setTime                          text6        0028
_setting                          bssBANK0     003A
_setup                            text1        0F7F
_temp_s                           bssBANK0     0043
_temperatura                      bssBANK0     0042
btemp                             (abs)        007E
end_of_initialization             cinit        0024
interrupt_function                intentry     0004
intlevel0                         functab      0000
intlevel1                         functab      0000
intlevel2                         functab      0000
intlevel3                         functab      0000
intlevel4                         functab      0000
intlevel5                         functab      0000
iocb_init@pinesB                  cstackBANK0  0020
reset_vec                         reset_vec    0000
saved_w                           (abs)        007E
separar_digitos8@decenas          cstackBANK0  002B
separar_digitos8@dig8             cstackBANK0  0028
separar_digitos8@div1             cstackBANK0  002E
separar_digitos8@num              cstackBANK0  002D
separar_digitos8@unidades         cstackBANK0  002C
start                             init         0010
start_initialization              cinit        0013
wtemp0                            (abs)        007E


MODULE INFORMATION

Module		Function		Class		Link	Load	Size
C:\Program Files\Microchip\xc8\v2.41\pic\sources\c90\common\awdiv.c
		___awdiv       		CODE           	0557	0000	105

C:\Program Files\Microchip\xc8\v2.41\pic\sources\c90\common\awdiv.c estimated size: 105

C:\Program Files\Microchip\xc8\v2.41\pic\sources\c90\common\__lldiv.c
		___lldiv       		CODE           	05C0	0000	104

C:\Program Files\Microchip\xc8\v2.41\pic\sources\c90\common\__lldiv.c estimated size: 104

I2C.c
		_I2C_Master_Read		CODE           	0EDA	0000	50
		_I2C_Master_Wait		CODE           	0E74	0000	13
		_I2C_Master_Init		CODE           	0F45	0000	58
		_I2C_Master_Stop		CODE           	0E58	0000	9
		_I2C_Master_RepeatedStart		CODE           	0E61	0000	9
		_I2C_Master_Write		CODE           	0E6A	0000	10
		_I2C_Master_Start		CODE           	0E4F	0000	9

I2C.c estimated size: 158

Lab4_Master.c
		_readPICslave  		CODE           	07D5	0000	36
		_main          		CODE           	078E	0000	71
		_readRTCslave  		CODE           	0213	0000	432
		_isr           		CODE           	04C2	0000	149
		_setTime       		CODE           	0028	0000	491
		_setup         		CODE           	0F7F	0000	59
		_printLCD      		CODE           	03C3	0000	255
		_separar_digitos8		CODE           	068A	0000	93

Lab4_Master.c estimated size: 1586

shared
		__stringtab    		STRING         	0800	0000	16
		__initialization		CODE           	0013	0000	17

shared estimated size: 33

iocb_init.c
		_iocb_init     		CODE           	0E9D	0000	29

iocb_init.c estimated size: 29

C:\Program Files\Microchip\xc8\v2.41\pic\sources\c90\common\awmod.c
		___awmod       		CODE           	06E7	0000	91

C:\Program Files\Microchip\xc8\v2.41\pic\sources\c90\common\awmod.c estimated size: 91

../../../LibreriasPIC/LCD4b.c
		_Lcd_Write_String		CODE           	0FBA	0000	70
		_Lcd_Init      		CODE           	0628	0000	98
		_Lcd_Write_Char		CODE           	0F0C	0000	57
		_Lcd_Cmd       		CODE           	0E81	0000	28
		_Lcd_Set_Cursor		CODE           	0742	0000	76
		_Lcd_Port      		CODE           	0EBA	0000	32

../../../LibreriasPIC/LCD4b.c estimated size: 361

